// Jest Snapshot v1, https://goo.gl/fbAQLP

exports[`Header should take a snapshot 1`] = `
<DocumentFragment>
  <header>
    <nav
      class="Header-nav-5"
    >
      <h5
        class="MuiTypography-root MuiTypography-h5"
        style="padding-left: 8px;"
      >
        Exam Dashboard
      </h5>
      <div
        class="Header-optionHolder-7"
      >
        <button
          aria-label="profile"
          class="MuiButtonBase-root MuiIconButton-root"
          data-testid="profile"
          tabindex="0"
          type="button"
        >
          <span
            class="MuiIconButton-label"
          >
            <div
              class="Header-userName-9"
            >
              C
            </div>
          </span>
          <span
            class="MuiTouchRipple-root"
          />
        </button>
      </div>
    </nav>
  </header>
</DocumentFragment>
`;
